// Jest Snapshot v1, https://goo.gl/fbAQLP

exports[`App.vue Should match the snapshot 1`] = `
"<div data-app=\\"true\\" class=\\"v-application v-application--is-ltr theme--light\\" id=\\"app\\">
  <div class=\\"v-application--wrap\\">
    <!---->
    <div class=\\"v-overlay theme--dark\\" style=\\"z-index: 5;\\">
      <div class=\\"v-overlay__scrim\\" style=\\"opacity: 0; background-color: rgb(33, 33, 33); border-color: #212121;\\"></div>
    </div>
    <transition-stub name=\\"scale\\" appear=\\"true\\" mode=\\"out-in\\">
      <!---->
    </transition-stub>
  </div>
</div>"
`;
