// Jest Snapshot v1, https://goo.gl/fbAQLP

exports[`Auth.vue Should match snapshot 1`] = `"<div class=\\"display-1 error--text\\">Page not found!</div>"`;
