// Jest Snapshot v1, https://goo.gl/fbAQLP

exports[`EventDetails.vue Should match snapshot 1`] = `"<h1>Welcome from event details</h1>"`;
