// Jest Snapshot v1, https://goo.gl/fbAQLP

exports[`Navbar.vue Should match snapshot 1`] = `
"<v-app-bar-stub color=\\"deep-purple\\" dark=\\"true\\" tag=\\"header\\" extensionheight=\\"48\\" src=\\"\\" value=\\"true\\" elevateonscroll=\\"true\\">
  <v-app-bar-nav-icon-stub></v-app-bar-nav-icon-stub>
  <v-icon-stub class=\\"white--text mr-1\\">mdi-buffer</v-icon-stub>
  <v-toolbar-title-stub>Eventify</v-toolbar-title-stub>
  <v-spacer-stub></v-spacer-stub>
  <v-btn-stub tag=\\"button\\" activeclass=\\"\\" icon=\\"true\\" type=\\"button\\">
    <v-icon-stub>mdi-magnify</v-icon-stub>
  </v-btn-stub>
  <v-btn-stub tag=\\"button\\" activeclass=\\"\\" icon=\\"true\\" type=\\"button\\" class=\\"mr-2\\">
    <v-icon-stub>mdi-heart</v-icon-stub>
  </v-btn-stub>
  <v-menu-stub opendelay=\\"0\\" closedelay=\\"0\\" contentclass=\\"\\" openonhover=\\"true\\" maxwidth=\\"auto\\" nudgebottom=\\"0\\" nudgeleft=\\"0\\" nudgeright=\\"0\\" nudgetop=\\"0\\" nudgewidth=\\"0\\" openonclick=\\"true\\" closeonclick=\\"true\\" closeoncontentclick=\\"true\\" maxheight=\\"auto\\" offsety=\\"true\\" origin=\\"top left\\" transition=\\"v-menu-transition\\">
    <v-list-stub tag=\\"div\\" dense=\\"true\\">
      <v-list-item-group-stub activeclass=\\"deep-purple--text text--darken-4\\" tag=\\"div\\">
        <v-list-item-stub activeclass=\\"\\" tag=\\"div\\">
          <v-list-item-icon-stub>
            <v-icon-stub>mdi-chat</v-icon-stub>
          </v-list-item-icon-stub>
          <v-list-item-content-stub>Notifications</v-list-item-content-stub>
        </v-list-item-stub>
        <v-list-item-stub activeclass=\\"\\" tag=\\"div\\">
          <v-list-item-icon-stub>
            <v-icon-stub>mdi-tools</v-icon-stub>
          </v-list-item-icon-stub>
          <v-list-item-content-stub>Preferences</v-list-item-content-stub>
        </v-list-item-stub>
        <v-list-item-stub activeclass=\\"\\" tag=\\"div\\">
          <v-list-item-icon-stub>
            <v-icon-stub>mdi-logout</v-icon-stub>
          </v-list-item-icon-stub>
          <v-list-item-content-stub>Logout</v-list-item-content-stub>
        </v-list-item-stub>
      </v-list-item-group-stub>
    </v-list-stub>
  </v-menu-stub>
</v-app-bar-stub>"
`;
